// Jest Snapshot v1, https://goo.gl/fbAQLP

exports[`Navigation for the sidebar renders the navigation section as expected 1`] = `
<nav
  className="lg:text-sm lg:leading-6 relative"
>
  <div
    className="sticky top-0 -ml-0.5 pointer-events-none"
  >
    <div
      className="h-10 bg-white dark:bg-slate-900"
    />
    <div
      className="bg-white dark:bg-slate-900 relative pointer-events-auto"
    />
    <div
      className="h-8 bg-gradient-to-b from-white dark:from-slate-900"
    />
  </div>
  <ul />
</nav>
`;
